[2026-09-30 17:52:56 +0000] [124604] [INFO] Starting gunicorn 21.2.0
[2026-09-30 17:52:56 +0000] [124604] [INFO] Listening at: http://127.0.0.1:8000 (124604)
[2026-09-30 17:52:56 +0000] [124604] [INFO] Using worker: sync
[2026-09-30 17:52:56 +0000] [124609] [INFO] Booting worker with pid: 124609
[2026-09-30 17:52:56 +0000] [124609] [ERROR] Exception in worker process
Traceback (most recent call last):
  File "/home/ubuntu/myproject/venv/lib/python3.14/site-packages/gunicorn/arbiter.py", line 609, in spawn_worker
    worker.init_process()
    ~~~~~~~~~~~~~~~~~~~^^
  File "/home/ubuntu/myproject/venv/lib/python3.14/site-packages/gunicorn/workers/base.py", line 134, in init_process
    self.load_wsgi()
    ~~~~~~~~~~~~~~^^
  File "/home/ubuntu/myproject/venv/lib/python3.14/site-packages/gunicorn/workers/base.py", line 146, in load_wsgi
    self.wsgi = self.app.wsgi()
                ~~~~~~~~~~~~~^^
  File "/home/ubuntu/myproject/venv/lib/python3.14/site-packages/gunicorn/app/base.py", line 67, in wsgi
    self.callable = self.load()
                    ~~~~~~~~~^^
  File "/home/ubuntu/myproject/venv/lib/python3.14/site-packages/gunicorn/app/wsgiapp.py", line 58, in load
    return self.load_wsgiapp()
           ~~~~~~~~~~~~~~~~~^^
  File "/home/ubuntu/myproject/venv/lib/python3.14/site-packages/gunicorn/app/wsgiapp.py", line 48, in load_wsgiapp
    return util.import_app(self.app_uri)
           ~~~~~~~~~~~~~~~^^^^^^^^^^^^^^
  File "/home/ubuntu/myproject/venv/lib/python3.14/site-packages/gunicorn/util.py", line 371, in import_app
    mod = importlib.import_module(module)
  File "/usr/lib/python3.14/importlib/__init__.py", line 88, in import_module
    return _bootstrap._gcd_import(name[level:], package, level)
           ~~~~~~~~~~~~~~~~~~~~~~^^^^^^^^^^^^^^^^^^^^^^^^^^^^^^
  File "<frozen importlib._bootstrap>", line 1406, in _gcd_import
  File "<frozen importlib._bootstrap>", line 1371, in _find_and_load
  File "<frozen importlib._bootstrap>", line 1314, in _find_and_load_unlocked
  File "<frozen importlib._bootstrap>", line 491, in _call_with_frames_removed
  File "<frozen importlib._bootstrap>", line 1406, in _gcd_import
  File "<frozen importlib._bootstrap>", line 1371, in _find_and_load
  File "<frozen importlib._bootstrap>", line 1335, in _find_and_load_unlocked
ModuleNotFoundError: No module named 'navapackbackend'
[2026-09-30 17:52:56 +0000] [124609] [INFO] Worker exiting (pid: 124609)
[2026-09-30 17:52:56 +0000] [124604] [ERROR] Worker (pid:124609) exited with code 3
[2026-09-30 17:52:56 +0000] [124604] [ERROR] Shutting down: Master
[2026-09-30 17:52:56 +0000] [124604] [ERROR] Reason: Worker failed to boot.
